Report End Points: 
-----+-------+------+-------+-----+-----+-----+-----+-----------+---------
     |Group  |Launch|Capture|Shift|Delay|Depth|Slack|Begin Point|End Point
-----+-------+------+-------+-----+-----+-----+-----+-----------+---------
1    |default|      |       |     |     |     |     |           |         
-----+-------+------+-------+-----+-----+-----+-----+-----------+---------
Report End Points: 
-----+-----+------+-------+-----+-----+-----+-----+-----------+---------
     |Group|Launch|Capture|Shift|Delay|Depth|Slack|Begin Point|End Point
-----+-----+------+-------+-----+-----+-----+-----+-----------+---------
1    |I2R  |      |       |     |     |     |     |           |         
-----+-----+------+-------+-----+-----+-----+-----+-----------+---------
Report End Points: 
-----+-----+--------------+-------+-------+-----+-----+-------+-----------+------------
     |Group|Launch        |Capture|Shift  |Delay|Depth|Slack  |Begin Point|End Point   
-----+-----+--------------+-------+-------+-----+-----+-------+-----------+------------
1    |I2O  |rtDefaultClock|vsysclk|60000.0|168.7|   18|41131.3|op         |overflowFlag
2    |I2O  |rtDefaultClock|vsysclk|60000.0|168.6|   17|41131.4|op         |sum[15]     
3    |I2O  |rtDefaultClock|vsysclk|60000.0|157.3|   16|41142.7|op         |sum[14]     
-----+-----+--------------+-------+-------+-----+-----+-------+-----------+------------
Report End Points: 
-----+-----+------+-------+-----+-----+-----+-----+-----------+---------
     |Group|Launch|Capture|Shift|Delay|Depth|Slack|Begin Point|End Point
-----+-----+------+-------+-----+-----+-----+-----+-----------+---------
1    |R2O  |      |       |     |     |     |     |           |         
-----+-----+------+-------+-----+-----+-----+-----+-----------+---------
