Report Physical info: 
------------------------+-------------------------------+-----------+------------
                        |                               |Area (squm)|Leakage (uW)
------------------------+-------------------------------+-----------+------------
Design Name             |FixedPoint_AdderSub_CarrySelect|           |            
  Total Instances       |                             92|        109|       0.587
    Macros              |                              0|          0|       0.000
    Pads                |                              0|          0|       0.000
    Phys                |                              0|          0|       0.000
    Blackboxes          |                              0|          0|       0.000
    Cells               |                             92|        109|       0.587
      Buffers           |                              0|          0|       0.000
      Inverters         |                             13|          7|       0.036
      Clock-Gates       |                              0|          0|       0.000
      Combinational     |                             79|        102|       0.551
      Latches           |                              0|          0|       0.000
      FlipFlops         |                              0|          0|       0.000
       Single-Bit FF    |                              0|          0|       0.000
       Multi-Bit FF     |                              0|          0|       0.000
       Clock-Gated      |                              0|           |            
       Bits             |                              0|          0|       0.000
         Load-Enabled   |                              0|           |            
         Clock-Gated    |                              0|           |            
  Tristate Pin Count    |                              0|           |            
Physical Info           |Placed                         |           |            
  Chip Size (mm x mm)   |0.075 x 0.075                  |       5617|            
  Fixed Cell Area       |                               |          0|            
    Phys Only           |                              0|          0|            
  Placeable Area        |                               |        207|            
  Movable Cell Area     |                               |        109|            
  Utilization (%)       |                             52|           |            
  Chip Utilization (%)  |                             52|           |            
  Total Wire Length (mm)|                          1.906|           |            
  Longest Wire (mm)     |                          0.039|           |            
  Average Wire (mm)     |                          0.038|           |            
------------------------+-------------------------------+-----------+------------
