Report End Points: 
-----+-------+------+-------+-----+-----+-----+-----+-----------+---------
     |Group  |Launch|Capture|Shift|Delay|Depth|Slack|Begin Point|End Point
-----+-------+------+-------+-----+-----+-----+-----+-----------+---------
1    |default|      |       |     |     |     |     |           |         
-----+-------+------+-------+-----+-----+-----+-----+-----------+---------
Report End Points: 
-----+-----+------+-------+-----+-----+-----+-----+-----------+---------
     |Group|Launch|Capture|Shift|Delay|Depth|Slack|Begin Point|End Point
-----+-----+------+-------+-----+-----+-----+-----+-----------+---------
1    |I2R  |      |       |     |     |     |     |           |         
-----+-----+------+-------+-----+-----+-----+-----+-----------+---------
Report End Points: 
-----+-----+--------------+-------+-------+-----+-----+-------+-----------+------------
     |Group|Launch        |Capture|Shift  |Delay|Depth|Slack  |Begin Point|End Point   
-----+-----+--------------+-------+-------+-----+-----+-------+-----------+------------
1    |I2O  |rtDefaultClock|vsysclk|60000.0| 86.1|   18|41213.9|b[1]       |sum[15]     
2    |I2O  |rtDefaultClock|vsysclk|60000.0| 84.0|   19|41216.0|b[1]       |overflowFlag
3    |I2O  |rtDefaultClock|vsysclk|60000.0| 80.1|   16|41219.9|b[1]       |sum[14]     
-----+-----+--------------+-------+-------+-----+-----+-------+-----------+------------
Report End Points: 
-----+-----+------+-------+-----+-----+-----+-----+-----------+---------
     |Group|Launch|Capture|Shift|Delay|Depth|Slack|Begin Point|End Point
-----+-----+------+-------+-----+-----+-----+-----+-----------+---------
1    |R2O  |      |       |     |     |     |     |           |         
-----+-----+------+-------+-----+-----+-----+-----+-----------+---------
