Report End Points: 
-----+-------+------+-------+-----+-----+-----+-----+-----------+---------
     |Group  |Launch|Capture|Shift|Delay|Depth|Slack|Begin Point|End Point
-----+-------+------+-------+-----+-----+-----+-----+-----------+---------
1    |default|      |       |     |     |     |     |           |         
-----+-------+------+-------+-----+-----+-----+-----+-----------+---------
Report End Points: 
-----+-----+------+-------+-----+-----+-----+-----+-----------+---------
     |Group|Launch|Capture|Shift|Delay|Depth|Slack|Begin Point|End Point
-----+-----+------+-------+-----+-----+-----+-----+-----------+---------
1    |I2R  |      |       |     |     |     |     |           |         
-----+-----+------+-------+-----+-----+-----+-----+-----------+---------
Report End Points: 
-----+-----+--------------+-------+-------+-----+-----+-------+-----------+----------------
     |Group|Launch        |Capture|Shift  |Delay|Depth|Slack  |Begin Point|End Point       
-----+-----+--------------+-------+-------+-----+-----+-------+-----------+----------------
1    |I2O  |rtDefaultClock|vsysclk|60000.0|321.7|   39|40978.3|input1[2]  |overflowMultiply
2    |I2O  |rtDefaultClock|vsysclk|60000.0|213.9|   25|41086.1|input1[2]  |multiply[15]    
3    |I2O  |rtDefaultClock|vsysclk|60000.0|202.9|   24|41097.1|input1[2]  |multiply[14]    
-----+-----+--------------+-------+-------+-----+-----+-------+-----------+----------------
Report End Points: 
-----+-----+------+-------+-----+-----+-----+-----+-----------+---------
     |Group|Launch|Capture|Shift|Delay|Depth|Slack|Begin Point|End Point
-----+-----+------+-------+-----+-----+-----+-----+-----------+---------
1    |R2O  |      |       |     |     |     |     |           |         
-----+-----+------+-------+-----+-----+-----+-----+-----------+---------
