Report End Points: 
-----+-------+------+-------+-----+-----+-----+-----+-----------+---------
     |Group  |Launch|Capture|Shift|Delay|Depth|Slack|Begin Point|End Point
-----+-------+------+-------+-----+-----+-----+-----+-----------+---------
1    |default|      |       |     |     |     |     |           |         
-----+-------+------+-------+-----+-----+-----+-----+-----------+---------
Report End Points: 
-----+-----+------+-------+-----+-----+-----+-----+-----------+---------
     |Group|Launch|Capture|Shift|Delay|Depth|Slack|Begin Point|End Point
-----+-----+------+-------+-----+-----+-----+-----+-----------+---------
1    |I2R  |      |       |     |     |     |     |           |         
-----+-----+------+-------+-----+-----+-----+-----+-----------+---------
Report End Points: 
-----+-----+--------------+-------+-------+-----+-----+-------+-----------+------------
     |Group|Launch        |Capture|Shift  |Delay|Depth|Slack  |Begin Point|End Point   
-----+-----+--------------+-------+-------+-----+-----+-------+-----------+------------
1    |I2O  |rtDefaultClock|vsysclk|60000.0| 96.1|   30|41203.9|b[1]       |overflowFlag
2    |I2O  |rtDefaultClock|vsysclk|60000.0| 91.8|   30|41208.2|b[1]       |sum[15]     
3    |I2O  |rtDefaultClock|vsysclk|60000.0| 82.9|   27|41217.1|b[1]       |sum[14]     
-----+-----+--------------+-------+-------+-----+-----+-------+-----------+------------
Report End Points: 
-----+-----+------+-------+-----+-----+-----+-----+-----------+---------
     |Group|Launch|Capture|Shift|Delay|Depth|Slack|Begin Point|End Point
-----+-----+------+-------+-----+-----+-----+-----+-----------+---------
1    |R2O  |      |       |     |     |     |     |           |         
-----+-----+------+-------+-----+-----+-----+-----+-----------+---------
